WARNING:root:This is a warning message
ERROR:root:This is a error message
CRITICAL:root:This is a critical message
